../Drivers/STM32C0xx_HAL_Driver/Src/stm32c0xx_hal_tim_ex.c:151:19:HAL_TIMEx_HallSensor_Init	48	static
../Drivers/STM32C0xx_HAL_Driver/Src/stm32c0xx_hal_tim_ex.c:253:19:HAL_TIMEx_HallSensor_DeInit	16	static
../Drivers/STM32C0xx_HAL_Driver/Src/stm32c0xx_hal_tim_ex.c:298:13:HAL_TIMEx_HallSensor_MspInit	16	static
../Drivers/STM32C0xx_HAL_Driver/Src/stm32c0xx_hal_tim_ex.c:313:13:HAL_TIMEx_HallSensor_MspDeInit	16	static
../Drivers/STM32C0xx_HAL_Driver/Src/stm32c0xx_hal_tim_ex.c:328:19:HAL_TIMEx_HallSensor_Start	40	static
../Drivers/STM32C0xx_HAL_Driver/Src/stm32c0xx_hal_tim_ex.c:382:19:HAL_TIMEx_HallSensor_Stop	16	static
../Drivers/STM32C0xx_HAL_Driver/Src/stm32c0xx_hal_tim_ex.c:410:19:HAL_TIMEx_HallSensor_Start_IT	40	static
../Drivers/STM32C0xx_HAL_Driver/Src/stm32c0xx_hal_tim_ex.c:467:19:HAL_TIMEx_HallSensor_Stop_IT	16	static
../Drivers/STM32C0xx_HAL_Driver/Src/stm32c0xx_hal_tim_ex.c:500:19:HAL_TIMEx_HallSensor_Start_DMA	40	static
../Drivers/STM32C0xx_HAL_Driver/Src/stm32c0xx_hal_tim_ex.c:576:19:HAL_TIMEx_HallSensor_Stop_DMA	16	static
../Drivers/STM32C0xx_HAL_Driver/Src/stm32c0xx_hal_tim_ex.c:638:19:HAL_TIMEx_OCN_Start	24	static
../Drivers/STM32C0xx_HAL_Driver/Src/stm32c0xx_hal_tim_ex.c:689:19:HAL_TIMEx_OCN_Stop	16	static
../Drivers/STM32C0xx_HAL_Driver/Src/stm32c0xx_hal_tim_ex.c:721:19:HAL_TIMEx_OCN_Start_IT	24	static
../Drivers/STM32C0xx_HAL_Driver/Src/stm32c0xx_hal_tim_ex.c:808:19:HAL_TIMEx_OCN_Stop_IT	24	static
../Drivers/STM32C0xx_HAL_Driver/Src/stm32c0xx_hal_tim_ex.c:883:19:HAL_TIMEx_OCN_Start_DMA	32	static
../Drivers/STM32C0xx_HAL_Driver/Src/stm32c0xx_hal_tim_ex.c:1021:19:HAL_TIMEx_OCN_Stop_DMA	24	static
../Drivers/STM32C0xx_HAL_Driver/Src/stm32c0xx_hal_tim_ex.c:1111:19:HAL_TIMEx_PWMN_Start	24	static
../Drivers/STM32C0xx_HAL_Driver/Src/stm32c0xx_hal_tim_ex.c:1161:19:HAL_TIMEx_PWMN_Stop	16	static
../Drivers/STM32C0xx_HAL_Driver/Src/stm32c0xx_hal_tim_ex.c:1193:19:HAL_TIMEx_PWMN_Start_IT	24	static
../Drivers/STM32C0xx_HAL_Driver/Src/stm32c0xx_hal_tim_ex.c:1279:19:HAL_TIMEx_PWMN_Stop_IT	24	static
../Drivers/STM32C0xx_HAL_Driver/Src/stm32c0xx_hal_tim_ex.c:1354:19:HAL_TIMEx_PWMN_Start_DMA	32	static
../Drivers/STM32C0xx_HAL_Driver/Src/stm32c0xx_hal_tim_ex.c:1492:19:HAL_TIMEx_PWMN_Stop_DMA	24	static
../Drivers/STM32C0xx_HAL_Driver/Src/stm32c0xx_hal_tim_ex.c:1583:19:HAL_TIMEx_OnePulseN_Start	40	static
../Drivers/STM32C0xx_HAL_Driver/Src/stm32c0xx_hal_tim_ex.c:1632:19:HAL_TIMEx_OnePulseN_Stop	24	static
../Drivers/STM32C0xx_HAL_Driver/Src/stm32c0xx_hal_tim_ex.c:1671:19:HAL_TIMEx_OnePulseN_Start_IT	40	static
../Drivers/STM32C0xx_HAL_Driver/Src/stm32c0xx_hal_tim_ex.c:1726:19:HAL_TIMEx_OnePulseN_Stop_IT	24	static
../Drivers/STM32C0xx_HAL_Driver/Src/stm32c0xx_hal_tim_ex.c:1811:19:HAL_TIMEx_ConfigCommutEvent	24	static
../Drivers/STM32C0xx_HAL_Driver/Src/stm32c0xx_hal_tim_ex.c:1877:19:HAL_TIMEx_ConfigCommutEvent_IT	24	static
../Drivers/STM32C0xx_HAL_Driver/Src/stm32c0xx_hal_tim_ex.c:1944:19:HAL_TIMEx_ConfigCommutEvent_DMA	24	static
../Drivers/STM32C0xx_HAL_Driver/Src/stm32c0xx_hal_tim_ex.c:1999:19:HAL_TIMEx_MasterConfigSynchronization	24	static
../Drivers/STM32C0xx_HAL_Driver/Src/stm32c0xx_hal_tim_ex.c:2072:19:HAL_TIMEx_ConfigBreakDeadTime	24	static
../Drivers/STM32C0xx_HAL_Driver/Src/stm32c0xx_hal_tim_ex.c:2140:19:HAL_TIMEx_ConfigBreakInput	48	static
../Drivers/STM32C0xx_HAL_Driver/Src/stm32c0xx_hal_tim_ex.c:2251:19:HAL_TIMEx_RemapConfig	16	static
../Drivers/STM32C0xx_HAL_Driver/Src/stm32c0xx_hal_tim_ex.c:2295:20:HAL_TIMEx_TISelection	32	static
../Drivers/STM32C0xx_HAL_Driver/Src/stm32c0xx_hal_tim_ex.c:2337:19:HAL_TIMEx_GroupChannel5	16	static
../Drivers/STM32C0xx_HAL_Driver/Src/stm32c0xx_hal_tim_ex.c:2375:19:HAL_TIMEx_DisarmBreakInput	24	static
../Drivers/STM32C0xx_HAL_Driver/Src/stm32c0xx_hal_tim_ex.c:2429:19:HAL_TIMEx_ReArmBreakInput	24	static
../Drivers/STM32C0xx_HAL_Driver/Src/stm32c0xx_hal_tim_ex.c:2518:13:HAL_TIMEx_CommutCallback	16	static
../Drivers/STM32C0xx_HAL_Driver/Src/stm32c0xx_hal_tim_ex.c:2532:13:HAL_TIMEx_CommutHalfCpltCallback	16	static
../Drivers/STM32C0xx_HAL_Driver/Src/stm32c0xx_hal_tim_ex.c:2547:13:HAL_TIMEx_BreakCallback	16	static
../Drivers/STM32C0xx_HAL_Driver/Src/stm32c0xx_hal_tim_ex.c:2562:13:HAL_TIMEx_Break2Callback	16	static
../Drivers/STM32C0xx_HAL_Driver/Src/stm32c0xx_hal_tim_ex.c:2595:22:HAL_TIMEx_HallSensor_GetState	16	static
../Drivers/STM32C0xx_HAL_Driver/Src/stm32c0xx_hal_tim_ex.c:2610:29:HAL_TIMEx_GetChannelNState	24	static
../Drivers/STM32C0xx_HAL_Driver/Src/stm32c0xx_hal_tim_ex.c:2639:6:TIMEx_DMACommutationCplt	24	static
../Drivers/STM32C0xx_HAL_Driver/Src/stm32c0xx_hal_tim_ex.c:2658:6:TIMEx_DMACommutationHalfCplt	24	static
../Drivers/STM32C0xx_HAL_Driver/Src/stm32c0xx_hal_tim_ex.c:2678:13:TIM_DMADelayPulseNCplt	24	static
../Drivers/STM32C0xx_HAL_Driver/Src/stm32c0xx_hal_tim_ex.c:2728:13:TIM_DMAErrorCCxN	24	static
../Drivers/STM32C0xx_HAL_Driver/Src/stm32c0xx_hal_tim_ex.c:2773:13:TIM_CCxNChannelCmd	32	static
